<!DOCTYPE html PUBLIC "-//W3C//DTD HTML 4.0 Transitional//EN" "http://www.w3.org/TR/REC-html40/loose.dtd">
<html><head><link href="/storage/952ee985ef/fonts.css" rel="stylesheet" type="text/css"></head></html>
